Pos,Runners 1,Leg 1,Runners 2,Leg 2,Runners 3,Leg 3,Runners 4,Leg 4
1,Tracy Knox,00:42:43,Pamela Cruickshanks & Debz Hay,00:44:17,Trish Whitelaw & Adele Osborne,00:48:47,Lisa Johnstone,01:12:33
2,Davie Burgess,00:43:52,Ross Young & Colin McKie,00:58:49,Bobby Summers & Patrick Leask,00:49:35,Rosie Knox,01:12:53
3,Davie Brisland,00:44:59,Jim Hogsflesh & Craig Watson,00:59:16,Mike Reilly & Alan Davie,00:51:46,Claire Duncan,01:13:42
4,Shan Lees,00:45:35,Karen Young & Grace Kinsella,01:01:48,George Findlay & Giles Harris,00:52:26,Eric Anderson,01:14:18
5,Clark Christie,00:45:43,Neil MacNicol & Andrew Waddington,01:02:01,Lynne Herd & Jacs McDonald,01:08:05,Allan Gibson,01:24:18
