no entry for key 'ENTRIES_PATH' in file 'config.txt'