result out of order at line 15 in file 'rawtimes.txt'