<table class="fac-table">
    <thead>
        <tr>
            <th>Pos</th>
            <th>Runner</th>
            <th>Time</th>
        </tr>
    </thead>
    <tbody>
        <tr>
            <td>1</td>
            <td>Amelia Muir</td>
            <td>01:12:02</td>
        </tr>
        <tr>
            <td>2</td>
            <td>Am&eacute; MacDonald</td>
            <td>01:12:53</td>
        </tr>
        <tr>
            <td>3</td>
            <td>Regan Millar</td>
            <td>01:12:55</td>
        </tr>
        <tr>
            <td>4</td>
            <td>Martha Gibson</td>
            <td>01:13:42</td>
        </tr>
        <tr>
            <td>5</td>
            <td>Hubert Gray</td>
            <td>01:24:01</td>
        </tr>
    </tbody>
</table>
