    <table class="fac-table">
                   <thead>
                       <tr>
                           <th>Pos</th>
                           <th>No</th>
                           <th>Team</th>
                           <th>Category</th>
                           <th>Total</th>
                       </tr>
                   </thead>
                   <tbody>
<tr>
    <td>1</td>
<td>1</td>
<td>Team 1</td>
<td>Women Senior</td>
<td>02:35:05    </td>
</tr><tr>
    <td>2</td>
<td>2</td>
<td>Team 2</td>
<td>Open 50+</td>
<td>02:35:34    </td>
</tr><tr>
    <td>3</td>
<td>3</td>
<td>Team 3</td>
<td>Open Senior</td>
<td>02:35:59    </td>
</tr><tr>
    <td>4</td>
<td>4</td>
<td>Team 4</td>
<td>Women 50+</td>
<td>02:36:10    </td>
</tr><tr>
    <td>5</td>
<td>5</td>
<td>Team 5</td>
<td>Open Senior</td>
<td>02:37:19    </td>
</tr>    </tbody>
</table>
<p style="font-size:smaller; font-style:italic;">Results generated using <a href="https://github.com/grahamkirby/race-timing">race-timing</a>.
