Minitour of Fife Results 2023
============================

Category: Female Under 9
------------------------

1: Heather Graham (Ceres Primary School) 00:53:54
2: Amelie Wild (Unatt.) 00:55:56
3: Lola Rowan Bowditch (Strathkinness Primary School) 01:06:01


Category: Male Under 9
----------------------

1: Angus Logan (Unatt.) 00:42:11
2: Arthur Broadhurst (Unatt.) 00:56:45
3: Noah Stone (Unatt.) 00:57:39


Category: Female Under 11
-------------------------

1: Francesca Jarrett (Dundee Hawkhill Harriers) 00:43:54
2: Amelia Stephen (Fife AC) 00:44:16
3: Gabriella Jarrett (Dundee Hawkhill Harriers) 00:46:05


Category: Male Under 11
-----------------------

1: William Mifsud (East Fife Triathlon Club) 00:39:17
2: Atholl Reid (Unatt.) 00:41:43
3: Rob Anderson (East Fife Triathlon Club) 00:42:29


Category: Female Under 13
-------------------------

1: Harriet Reid (East Fife Triathlon Club) 01:14:46
2: Phoebe Fleetham (St Leonards Running Club) 01:23:09
3: Isla Kinnaird (Fife AC) 01:29:36


Category: Male Under 13
-----------------------

1: Luca Anderson (Anster Haddies) 01:12:42
2=: Euan Patrick (Unatt.) 01:20:13
2=: Bertran Penacchio Torres (Fife AC) 01:20:13


Category: Female Under 15
-------------------------

1: Nellie Luxford (Unatt.) 01:33:14
2: Tori Graham (Wormit Runners) 01:53:03
3: Bella Rodden (East Fife Triathlon Club) 01:53:48


Category: Male Under 15
-----------------------

1: Logan Graham (Fife AC) 01:27:38
2: Beinn Anderson (East Fife Triathlon Club) 01:36:15
3: Edward Mifsud (East Fife Triathlon Club) 01:40:50


Category: Female Under 18
-------------------------

1: Eliza KÃ¶nig (Fife AC) 01:23:44


Category: Male Under 18
-----------------------

1: Thomas Robertson (East Fife Triathlon Club) 01:16:30
2: Oliver Cooper (Unatt.) 01:33:07
3: Richard Laws (Unatt.) 01:36:51
