Pos,No,Team,Category,Total
1,3,Anster Haddies Team Elite,Open Senior,04:25:00
2,1,Anster Haddies Ladies B,Women Senior,04:30:21
3,2,Anster Haddies Mens 1,Open 50+,04:40:09
4,4,Beacon: 50 Shades of Beacon,Women 50+,04:45:32
5,5,Beacon: Beacon Belligerents,Open Senior,04:50:00