Pos,Runners,Time
1,Bobby Summers & Patrick Leask,00:59:59
2,Trish Whitelaw & Adele Osborne,01:03:00
3,George Findlay & Giles Harris,01:06:00
4,Mike Reilly & Alan Davie,01:10:15