<h4>Prizes</h4>
<p><strong>Women 60+</strong></p>
<p>No results</p>
<p><strong>Open 60+</strong></p>
<p>No results</p>
<p><strong>Women 50+</strong></p>
<p>No results</p>
<p><strong>Open 50+</strong></p>
<p>No results</p>
<p><strong>Mixed 40+</strong></p>
<p>No results</p>
<p><strong>Women 40+</strong></p>
<p>No results</p>
<p><strong>Open 40+</strong></p>
<ul>
<li>1 Team 2 (Open 50+) 03:48:22</li>
</ul>

<p><strong>Mixed Senior</strong></p>
<p>No results</p>
<p><strong>Women Senior</strong></p>
<ul>
<li>1 Team 4 (Women 50+) 03:49:21</li>
</ul>

<p><strong>Open Senior</strong></p>
<ul>
<li>1 Team 1 (Women Senior) 03:47:58</li>
<li>2 Team 3 (Open Senior) 03:48:29</li>
<li>3 Team 5 (Open Senior) 03:49:52</li>
</ul>

