Tour of Fife Results 2017
============================

Category: Women Senior
----------------------

1: Maya Stone (Fife AC) 01:56:53
2: Claire Houston (Central AC) 01:57:38
3: Kristin Lownie (Carnegie Harriers) 01:59:34


Category: Men Senior
--------------------

1: Ben Hukins (Cambuslang H) 01:39:02
2: Christopher O'Brien (Corstorphine AAC) 01:45:16
3: Robbie Dunlop (Dundee RR AC) 01:45:41


Category: Women Junior
----------------------

No results


Category: Men Junior
--------------------

No results


Category: Women 40-49
---------------------

1: Rhona Van Rensburg (Fife AC) 02:08:27
2: Gillian Smith (Fife AC) 02:15:47
3: Alison McNeilly (Dundee RR AC) 02:15:51


Category: Men 40-49
-------------------

1: Iain Wallace (Leven Las Vegas RC) 01:55:53
2: Kevin Greig (Dundee RR AC) 01:56:33
3: Hendrik Van Rensburg (U/n) 01:56:52


Category: Women 50-59
---------------------

1: Susan Ridley (Edinburgh AC) 02:04:06
2: Catherine Leonard (Fife AC) 02:20:24
3: Pamela Cruickshanks (Anster Haddies) 02:23:30


Category: Men 50-59
-------------------

1: Brian Lees (Lothian RC) 02:00:33
2: Simon Knox (Dundee RR AC) 02:02:29
3: Jim Morton (Dundee RR AC) 02:05:59


Category: Women 60-69
---------------------

1: Isobel Burnett (Carnegie Harriers) 02:09:22
2: Innes Bracegirdle (Fife AC) 02:19:08
3: Jocelyn Scott (Fife AC) 02:28:58


Category: Men 60-69
-------------------

1: Gary Barker (Fife AC) 02:07:54
2: Tom Scott (Fife AC) 02:10:28
3: David Norrie (Fife AC) 02:13:43


Category: Women 70-79
---------------------

No results


Category: Men 70-79
-------------------

1: Steve Cromar (Dundee Hawkhill Harriers) 02:39:52
2: Peter Rieu-Clarke (Leven Las Vegas RC) 03:10:34


