<h4>Prizes</h4>
<p><strong>Open Senior</strong></p>
<ul>
    <li>1 Amelia Muir (Strathearn Harriers) 00:42:43</li>
    <li>2 Isabel Ritchie (Fife AC) 00:44:10</li>
    <li>3 John Smith (Fife AC) 00:45:37</li>
</ul>

<p><strong>Non-Binary Senior</strong></p>
<ul>
    <li>1 Clark O' Connor (Unatt.) 00:48:31</li>
</ul>

<p><strong>Open Junior</strong></p>
<ul>
    <li>1 Am&eacute; MacDonald (Unatt.) 01:00:07</li>
</ul>

<p><strong>Open 40-49</strong></p>
<ul>
    <li>1 Hasan Robertson (Anster Haddies) 00:54:19</li>
</ul>

<p><strong>Non-Binary Veteran</strong></p>
<ul>
    <li>1 Sofia O'Connor (Fife AC) 00:49:58</li>
</ul>

<p><strong>Open 50-59</strong></p>
<ul>
    <li>1 Regan Millar (Falkland Trail Runners) 00:57:13</li>
</ul>

<p><strong>Open 60-69</strong></p>
<ul>
    <li>1 Neil MacDonald (Dundee Road Runners) 01:10:16</li>
</ul>

<p><strong>Open 70-79</strong></p>
<ul>
    <li>1 Leo McKenzie (Dundee Hawkhill Harriers) 00:51:25</li>
</ul>

