no entry for key 'PAIRED_LEGS' in file 'config.txt'