Pos,Runner,Club,Category,St Andrews 5M,Strathkinness-Blebocraigs,Hill of Tarvit,Total,Completed
1=,Adam Hart,Dundee Road Runners,MS,196,197,196,589,N
1=,Hannah Tippetts,Dundee Road Runners,FS,196,196,197,589,N
3,James Barnet,Dundee Road Runners,MS,195,196,194,585,N
4,Jennifer Massie,Dundee Road Runners,FS,190,193,191,574,N
5,Iain Wallace,PH Racing,M50,191,191,188,570,N
6,Tom Rainey,Anster Haddies,M40,193,193,182,568,N
7,Pamela Cruickshanks,Anster Haddies,F50,188,186,188,562,N
8,Thomas Robertson,Fife AC,MU20,187,187,178,552,N
9,Jim Morton,Dundee Road Runners,M50,180,183,183,546,N
10,David Place,Fife AC,M50,178,182,180,540,N
11,Michael Mitchell,Dundee Road Runners,M50,190,188,161,539,N
12,Eric Anderson,Anster Haddies,M40,179,180,174,533,N
13,Will Gage,Anster Haddies,M50,169,178,175,522,N
14,Sandra Gardener,Falkland Trail Runners,F50,168,176,177,521,N
15,Malcolm Forbes,Dundee Road Runners,M60,173,175,165,513,N
16,Christian Harding,Fife AC,M40,171,167,172,510,N
17=,John Kinninmonth,RunSum Running Group,M50,164,162,167,493,N
17=,Martin Rollo,Dundee Road Runners,M50,167,164,162,493,N
19,Allan Gibson,Anster Haddies,M70,156,155,154,465,N
20,Rhona Van Rensburg,Fife AC,F50,200,200,0,400,N
21,Heather Anderson,Fife AC,F40,199,0,200,399,N
22=,Ben Kinninmonth,Fife AC,MS,198,0,200,398,N
22=,Jamie Lessels,Fife AC,MU20,199,0,199,398,N
24,Ben Hukins,PH Racing,M40,197,200,0,397,N
25,Alison McNeilly,Dundee Road Runners,F40,197,197,0,394,N
26,Robyn Graham,Falkland Trail Runners,FS,0,190,196,386,N
27,Matthew Beaney,Dundee Road Runners,MS,0,192,193,385,N
28=,Fiona Canavan,Dundee Road Runners,FS,195,189,0,384,N
28=,Louise Lessels,Falkland Trail Runners,F40,0,192,192,384,N
30,Bryan McLaren,Leven Las Vegas RC,MS,0,194,189,383,N
31,Jonathan Millar,Carnegie Harriers,MS,192,0,190,382,N
32,Tony Martin,Falkland Trail Runners,M70,188,0,187,375,N
33=,Margaret Martin,Fife AC,F60,0,185,189,374,N
33=,Merce Torres,Fife AC,F40,187,187,0,374,N
35,Stephen Dickson,Fife AC,M40,186,0,186,372,N
36,Dominic Hughes,Dundee Road Runners,MS,0,185,184,369,N
37,Michael Reilly,Anster Haddies,M40,183,0,185,368,N
38,Bethan McRobbie,Unatt.,FS,0,182,185,367,N
39,Hendrik Van Rensburg,Fife AC,M50,177,184,0,361,N
40,Ross McArthur,Falkland Trail Runners,MS,0,179,176,355,N
41,Paul Harkins,Fife AC,M40,175,0,179,354,N
42,John McIntosh,Dundee Road Runners,M50,174,176,0,350,N
43,Fiona Walker,Fife AC,F50,171,0,178,349,N
44,Philip Suttie,Falkland Trail Runners,M40,170,177,0,347,N
45,Mike Murdoch,Falkland Trail Runners,M40,0,174,171,345,N
46=,Steven Brand,Falkland Trail Runners,MS,0,173,169,342,N
46=,Carolann Kinnear,Recreational Runners,F40,165,177,0,342,N
48,Margaret Robertson,Dundee Road Runners,F70,166,175,0,341,N
49,David Dunleavey,Unatt.,M60,0,171,168,339,N
50,Lorraine Hands,Recreational Runners,F40,164,174,0,338,N
51=,John Mill,Dundee Road Runners,M50,0,168,163,331,N
51=,Paul Reed,Dundee Road Runners,M40,165,0,166,331,N
51=,John Wilmot,Falkland Trail Runners,M70,166,165,0,331,N
54,Jeff Taylor,Leven Las Vegas RC,M50,0,163,164,327,N
55,Grant Whytock,Dundee Road Runners,M50,168,158,0,326,N
56,Huw Watkins,STAART,MS,0,166,159,325,N
57,Richard Cleary,Dundee Road Runners,M50,163,0,160,323,N
58,Lee Cessford,Falkland Trail Runners,M40,162,0,157,319,N
59,David Pease,Falkland Trail Runners,M50,0,160,158,318,N
60,Joseph Smith,Unatt.,MS,0,161,156,317,N
61=,Nick Brian,Fife AC,M60,158,154,0,312,N
61=,Bill Gillan,Recreational Runners,M70,0,159,153,312,N
63=,Stewart Davidson,Fife AC,M70,152,152,0,304,N
63=,Sean Kenyon,Unatt.,M50,0,153,151,304,N
65,Alan McLeod,Fife AC,M70,149,151,0,300,N
66,David Webster,Dundee Road Runners,MS,200,0,0,200,N
67=,Tom Harris,?,MS,0,199,0,199,N
67=,Stephanie Johnson,Kinross Road Runners,FS,0,0,199,199,N
67=,Alison McGill,?,F40,0,199,0,199,N
70=,Rachel Callaghan,?,FS,0,198,0,198,N
70=,James Hall,Fife AC,M40,0,0,198,198,N
70=,Caroline Jones,Kinross Road Runners,F40,0,0,198,198,N
70=,Mairi Littleson,Dundee Road Runners,FS,198,0,0,198,N
70=,Patrick O'Hare,?,MS,0,198,0,198,N
75,Alex Reily,Kinross Road Runners,MS,0,0,197,197,N
76=,Fiona Callaghan,Unatt.,FS,0,0,195,195,N
76=,Fiona Cruickshanks,?,FS,0,195,0,195,N
76=,Mark Harris,Fife AC,M50,0,195,0,195,N
76=,Cameron Watson,Lomond Hill Runners,M50,0,0,195,195,N
80=,Jamie Anderson,Anster Haddies,MU20,194,0,0,194,N
80=,Fiona Callaghan,?,FS,0,194,0,194,N
80=,Lynne Herd,Anster Haddies,F40,194,0,0,194,N
80=,Sarah Paterson,PH Racing,FS,0,0,194,194,N
84=,Sophia Lapper,Dundee Road Runners,FS,193,0,0,193,N
84=,Jane O'Donnell,Dundee Road Runners,F40,0,0,193,193,N
86=,Fiona Callaghan,Dundee Road Runners,FS,192,0,0,192,N
86=,Sam Woolhead,Unatt.,MS,0,0,192,192,N
88=,Charlene Junkin,Dundee Road Runners,FS,191,0,0,191,N
88=,Susanne Lumsden,?,F40,0,191,0,191,N
88=,Murray Speight,Kinross Road Runners,MS,0,0,191,191,N
91=,Hilary Ritchie,Unatt.,F60,0,0,190,190,N
91=,Dominic Williams,?,MS,0,190,0,190,N
93=,Mikey Dow,Leven Las Vegas RC,M50,189,0,0,189,N
93=,Vince MacPherson,?,M40,0,189,0,189,N
93=,Gwen Tivendale,Anster Haddies,F50,189,0,0,189,N
96,Abigail Mason,?,FS,0,188,0,188,N
97,Christine Myerscough,Kinross Road Runners,F60,0,0,187,187,N
98=,Gordon Coull,?,MS,0,186,0,186,N
98=,Judith Dobson,Kinross Road Runners,F60,0,0,186,186,N
98=,Morven McIntyre,Dundee Road Runners,FS,186,0,0,186,N
101=,Geoff Campbell,Dundee Road Runners,M40,185,0,0,185,N
101=,Hilary Ritchie,Fife AC,F60,185,0,0,185,N
103=,Tim Ennis,Unatt.,MS,184,0,0,184,N
103=,Debz Hay,Anster Haddies,F50,0,0,184,184,N
103=,Tracy Knox,Anster Haddies,F60,0,184,0,184,N
103=,Gail Stirling,Dundee Road Runners,F50,184,0,0,184,N
107=,Lorraine Dunbar,Dundee Road Runners,F60,183,0,0,183,N
107=,Alice Hall,?,F60,0,183,0,183,N
107=,Gillian Lopez,Kinross Road Runners,F50,0,0,183,183,N
110=,David Baird,Dundee Road Runners,MS,182,0,0,182,N
110=,Louise Provan,Unatt.,F40,182,0,0,182,N
110=,Wendy Turnbull,Kinross Road Runners,F50,0,0,182,182,N
113=,Zuleika Brett,Carnegie Harriers,F40,181,0,0,181,N
113=,Catriona Duncan,?,F70,0,181,0,181,N
113=,Allan Kettles,Dundee Road Runners,M50,181,0,0,181,N
113=,Kevin Murray,Falkland Trail Runners,M50,0,0,181,181,N
113=,George Young,?,M40,0,181,0,181,N
113=,Simone Young,Kinross Road Runners,F50,0,0,181,181,N
119=,Carol Landale,?,F40,0,180,0,180,N
119=,Hannah Lopez,Kinross Road Runners,FS,0,0,180,180,N
119=,Katy McBride,Unatt.,F50,180,0,0,180,N
122=,Karen Campbell,Falkland Trail Runners,F60,0,0,179,179,N
122=,Gordon Christie,Unatt.,F50,179,0,0,179,N
122=,Kim Dickson,?,F50,0,179,0,179,N
125=,Gillian Murdoch,?,F40,0,178,0,178,N
125=,Amy Tavendale,Dundee Road Runners,F40,178,0,0,178,N
127=,Shona Candlish,Dundee Road Runners,FS,177,0,0,177,N
127=,Craig Roberts,Unatt.,MS,0,0,177,177,N
129=,Kim Dickson,Fife AC,F50,0,0,176,176,N
129=,Eleanor Lowrie,Dundee Road Runners,F50,176,0,0,176,N
129=,Chris Neilson,Dundee Road Runners,M40,176,0,0,176,N
132,Rebecca Garside,Dundee Road Runners,F40,175,0,0,175,N
133,Lissa Stewart,Dundee Road Runners,F40,174,0,0,174,N
134=,Clive Roberts,Fife AC,M60,0,0,173,173,N
134=,Paula Roberts,?,F50,0,173,0,173,N
134=,May Smith,Dundee Roadrunners,FS,173,0,0,173,N
137=,Mark Feely,?,M50,0,172,0,172,N
137=,Julia Greig,?,F40,0,172,0,172,N
137=,Susan Smith,Dundee Road Runners,F40,172,0,0,172,N
137=,Jeremy Tomlinson,Fife AC,M60,172,0,0,172,N
141,Katrina Johnston,?,F40,0,171,0,171,N
142=,Lyle Allan,?,M60,0,170,0,170,N
142=,Rosemary Lee,?,F60,0,170,0,170,N
142=,Eugenie Verney,Dundee Road Runners,F60,170,0,0,170,N
142=,Stuart Williamson,Fife AC,M50,0,0,170,170,N
146=,Kim Dickson,Recreational Runners,F50,169,0,0,169,N
146=,Allen Marr,?,M60,0,169,0,169,N
148,Jude Alcock,Falkland Trail Runners,F60,167,0,0,167,N
149,Barbara Mary Brown,Dundee Road Runners,F60,163,0,0,163,N
150,Carrie Baird,Dundee Road Runners,FS,162,0,0,162,N
151=,Linda Craddock,Dundee Road Runners,F50,161,0,0,161,N
151=,Frank McLaren,Fife AC,M70,161,0,0,161,N
153,Daniel Haran,GTC,M50,160,0,0,160,N
154,Phillip Gillespie,Dundee Road Runners,M50,159,0,0,159,N
155=,Ewan Cameron,Anster Haddies,M60,157,0,0,157,N
155=,Ian Donaldson,?,M50,0,157,0,157,N
157,Martin Kirkbride,?,M60,0,156,0,156,N
158=,Robert Garside,Dundee Road Runners,M40,155,0,0,155,N
158=,John Myerscough,Kinross Road Runners,M60,0,0,155,155,N
160,Josh McKay,Dundee Road Runners,MS,154,0,0,154,N
161,Ed Wade,Fife AC,M70,153,0,0,153,N
162,Russ Valentine,Falkland Trail Runners,M60,0,0,152,152,N
163,John Keenlyside,Fife AC,M70,151,0,0,151,N
164=,Michael Creechan,Falkland Trail Runners,M60,150,0,0,150,N
164=,John Lee,?,M60,0,150,0,150,N
166,Mike Alcock,Falkland Trail Runners,M70,148,0,0,148,N
