Runner John Kinninmonth changed category from M50 to M60 at Strathkinness-Blebocraigs
