no entry for key 'ENTRY_CATEGORIES_PATH' in file 'config.txt'