Pos,No,Team,Category,Total
1,1,Anster Haddies Ladies B,Women Senior,03:47:58
2,4,Beacon: 50 Shades of Beacon,Women 50+,04:02:16
3,5,Beacon: Beacon Belligerents,Open Senior,04:06:54
4,3,Anster Haddies Team Elite,Open Senior,04:08:55
,2,Anster Haddies Mens 1,Open 50+,DNF