Midweek Series Results 2023
===========================

Category: Women Open
--------------------

1: Rhona Van Rensburg (Fife AC) 200
2: Heather Anderson (Fife AC) 199
3: Mairi Littleson (Dundee Road Runners) 198


Category: Men Open
------------------

1: David Webster (Dundee Road Runners) 200
2: Jamie Lessels (Fife AC) 199
3: Ben Kinninmonth (Fife AC) 198


Category: Women Senior
----------------------

1: Hannah Tippetts (Dundee Road Runners) 196
2: Fiona Canavan (Dundee Road Runners) 195
3: Sophia Lapper (Dundee Road Runners) 193


Category: Men Senior
--------------------

1: Adam Hart (Dundee Road Runners) 196
2: James Barnet (Dundee Road Runners) 195
3: Jonathan Millar (Carnegie Harriers) 192


Category: Women Junior
----------------------

No results


Category: Men Junior
--------------------

1: Jamie Anderson (Anster Haddies) 194
2: Thomas Robertson (Fife AC) 187


Category: Women 40-49
---------------------

1: Alison McNeilly (Dundee Road Runners) 197
2: Lynne Herd (Anster Haddies) 194
3: Merce Torres (Fife AC) 187


Category: Men 40-49
-------------------

1: Ben Hukins (PH Racing) 197
2: Tom Rainey (Anster Haddies) 193
3: Stephen Dickson (Fife AC) 186


Category: Women 50-59
---------------------

1: Gwen Tivendale (Anster Haddies) 189
2: Pamela Cruickshanks (Anster Haddies) 188
3: Gail Stirling (Dundee Road Runners) 184


Category: Men 50-59
-------------------

1: Iain Wallace (PH Racing) 191
2: Michael Mitchell (Dundee Road Runners) 190
3: Mikey Dow (Leven Las Vegas RC) 189


Category: Women 60-69
---------------------

1: Hilary Ritchie (Fife AC) 185
2: Lorraine Dunbar (Dundee Road Runners) 183
3: Eugenie Verney (Dundee Road Runners) 170


Category: Men 60-69
-------------------

1: Malcolm Forbes (Dundee Road Runners) 173
2: Jeremy Tomlinson (Fife AC) 172
3: Nick Brian (Fife AC) 158


Category: Women 70-79
---------------------

1: Margaret Robertson (Dundee Road Runners) 166


Category: Men 70-79
-------------------

1: Tony Martin (Falkland Trail Runners) 188
2: John Wilmot (Falkland Trail Runners) 166
3: Frank McLaren (Fife AC) 161


