Pos,Runner,Time
1,Eric Anderson,01:12:30
2,Allan Gibson,01:12:48
3,Rosie Knox,01:12:53
4,Claire Duncan,01:13:21
5,Lisa Johnstone,01:13:52