<table class="fac-table">
    <thead>
        <tr>
            <th>Pos</th>
            <th>Runners</th>
            <th>Time</th>
        </tr>
    </thead>
    <tbody>
        <tr>
            <td>1</td>
            <td>Leo McKenzie & Henry Muir</td>
            <td>01:05:34</td>
        </tr>
        <tr>
            <td>2</td>
            <td>Neil MacDonald & Myles Christie</td>
            <td>01:05:59</td>
        </tr>
        <tr>
            <td>3</td>
            <td>Cayla Duncan & Scott Kelly</td>
            <td>01:07:19</td>
        </tr>
        <tr>
            <td>4</td>
            <td>Rhys M&uuml;llar & Paige Thompson</td>
            <td>01:08:05</td>
        </tr>
        <tr>
            <td>5</td>
            <td>Lena K. Maclean & Isabel Ritchie</td>
            <td>02:06:10</td>
        </tr>
    </tbody>
</table>
