Pos,Runners,Time
1,Pamela Cruickshanks & Debz Hay,00:44:17
2,Jim Hogsflesh & Craig Watson,00:59:16
3,Karen Young & Grace Kinsella,01:01:48
4,Neil MacNicol & Andrew Waddington,01:02:01
