unregistered bib number '4' at line 4 in file 'rawtimes.txt'