Pos,Runner,Time
1,Hubert Gray,01:12:30
2,Am√© MacDonald,01:12:53
3,Martha Gibson,01:13:21
4,Amelia Muir,01:13:52
