<h4>Prizes</h4>
<p><strong>Women Senior</strong></p>
<ol>
<li>Amelia Muir (Strathearn Harriers) 00:42:43</li>
<li>Nina Joan Fiona Walker (Carnegie Harriers) 00:47:04</li>
<li>Zuzanna Miller-Ford (Leven Las Vegas RC) 00:52:52</li>
</ol>

<p><strong>Men Senior</strong></p>
<ol>
<li>John Smith (Fife AC) 00:45:37</li>
<li>Clark O' Connor (Unatt.) 00:48:31</li>
<li>JackBruce (Dundee Road Runners) 01:13:10</li>
</ol>

<p><strong>Women Junior</strong></p>
<ol>
<li>Am&eacute; MacDonald (Unatt.) 01:00:07</li>
</ol>

<p><strong>Men Junior</strong></p>
<ol>
<li>John Smith (Unatt.) 01:05:55</li>
</ol>

<p><strong>Women 40-49</strong></p>
<ol>
<li>Myles Christie (Fife AC) 01:04:28</li>
</ol>

<p><strong>Men 40-49</strong></p>
<ol>
<li>Hasan Robertson (Anster Haddies) 00:54:19</li>
</ol>

<p><strong>Women 50-59</strong></p>
<ol>
<li>Sofia O'Connor (Fife AC) 00:49:58</li>
</ol>

<p><strong>Men 50-59</strong></p>
<ol>
<li>Regan Millar (FTR) 00:57:13</li>
</ol>

<p><strong>Women 60-69</strong></p>
<ol>
No results
</ol>

<p><strong>Men 60-69</strong></p>
<ol>
<li>Neil MacDonald (Dundee Road Runners) 01:10:16</li>
</ol>

<p><strong>Women 70+</strong></p>
<ol>
<li>Cayla Duncan (Dundee Hawkhill Harriers) 01:11:43</li>
</ol>

<p><strong>Men 70+</strong></p>
<ol>
<li>Leo McKenzie (Dundee Hawkhill Harriers) 00:51:25</li>
</ol>

