Hill of Tarvit Results 2025
===========================

Category: Women Open
--------------------

1: Eliza Konig (Fife AC) 00:38:53
2: Mairi Littleson (Dundee Road Runners) 00:39:55
3: Heather Anderson (Fife AC) 00:41:06


Category: Men Open
------------------

1: Logan Rees (Fife AC) 00:32:44
2: Lewis Rodgers (Fife AC) 00:32:51
3: Ruan van Rensburg (Fife AC) 00:33:14


Category: Women Senior
----------------------

1: Jennifer Spence (Fife AC) 00:42:09


Category: Men Senior
--------------------

1: David Webster (Dundee Road Runners) 00:33:25


Category: Women Junior
----------------------

1: Orla Gage (Anster Haddies) 00:45:45


Category: Men Junior
--------------------

1: Thomas Robertson (Fife AC) 00:35:27


Category: Women 40-49
---------------------

1: Alison McNeilly (Dundee Road Runners) 00:44:12


Category: Men 40-49
-------------------

1: Billy Gibson (Dundee Hawkhill Harriers) 00:35:49


Category: Women 50-59
---------------------

1: Rhona van Rensburg (Fife AC) 00:41:11


Category: Men 50-59
-------------------

1: David Aitken (Dundee Road Runners) 00:37:43


Category: Women 60-69
---------------------

1: Innes Bracegirdle (Fife AC) 00:52:31


Category: Men 60-69
-------------------

1: David Dunleavey (Stratheden) 00:45:51


Category: Women 70-79
---------------------

No results


Category: Men 70-79
-------------------

1: Tony Martin (Fife AC) 00:43:43


