<h4>Prizes</h4>
<p><strong>Women Senior</strong></p>
<ul>
    <li>1: Innes Bracegirdle (F60) 5987</li>
    <li>2: Margaret Martin (F50) 6340</li>
    <li>3: Sue Whisler (F50) 7152</li>
</ul>

<p><strong>Men Senior</strong></p>
<ul>
    <li>1: Neil Millar (M40) 5213</li>
    <li>2: Rick Booth (M40) 5321</li>
    <li>3: Daniel Newman (M40) 5448</li>
</ul>

<p><strong>Women 40-49</strong></p>
<p>No results</p>
<p><strong>Men 40-49</strong></p>
<ul>
    <li>1: Derek Adamson (M40) 6787</li>
</ul>

<p><strong>Women 50-59</strong></p>
<p>No results</p>
<p><strong>Men 50-59</strong></p>
<ul>
    <li>1: David Sleigh (M50) 5554</li>
</ul>

<p><strong>Women 60-69</strong></p>
<p>No results</p>
<p><strong>Men 60-69</strong></p>
<ul>
    <li>1: David Norrie (M60) 5871</li>
</ul>

