Midweek Series Results 2023
============================

Category: Women Open
--------------------

1: Rhona Van Rensburg (Fife AC) 800
2: Hannah Tippetts (Dundee Road Runners) 787
3: Fiona Callaghan (Dundee Road Runners) 778


Category: Men Open
------------------

1: Ben Kinninmonth (Fife AC) 796
2: Ben Hukins (PH Racing) 785
3: Adam Hart (Dundee Road Runners) 784


Category: Women Senior
----------------------

1: Fiona Canavan (Dundee Road Runners) 768
2: Jennifer Massie (Dundee Road Runners) 766


Category: Men Senior
--------------------

1: James Barnet (Dundee Road Runners) 778
2: Jonathan Millar (Carnegie Harriers) 762
3: Bryan McLaren (Leven Las Vegas RC) 735


Category: Women Junior
----------------------

No results


Category: Men Junior
--------------------

1: Thomas Robertson (Fife AC) 743


Category: Women 40-49
---------------------

No results


Category: Men 40-49
-------------------

1: Tom Rainey (Anster Haddies) 769
2: Paul Harkins (Fife AC) 718
3: Christian Harding (Fife AC) 697


Category: Women 50-59
---------------------

1: Pamela Cruickshanks (Anster Haddies) 752
2: Sandra Gardener (Falkland Trail Runners) 702


Category: Men 50-59
-------------------

1: Iain Wallace (PH Racing) 750
2: Jim Morton (Dundee Road Runners) 733
3: Will Gage (Anster Haddies) 693


Category: Women 60-69
---------------------

1: Hilary Ritchie (Fife AC) 758


Category: Men 60-69
-------------------

1: Malcolm Forbes (Dundee Road Runners) 698


Category: Women 70-79
---------------------

No results


Category: Men 70-79
-------------------

1: Allan Gibson (Anster Haddies) 635
