<h4>Prizes</h4>
<p><strong>Women Senior</strong></p>
<ul>
    <li>1 Team 4 (Women 50+) 04:06:54</li>
</ul>

<p><strong>Open Senior</strong></p>
<ul>
    <li>1 Team 1 (Women Senior) 03:47:58</li>
    <li>2 Team 5 (Open Senior) 04:08:55</li>
</ul>

<p><strong>Women 40+</strong></p>
<p>No results</p>
<p><strong>Open 40+</strong></p>
<ul>
    <li>1 Team 2 (Open 50+) 04:05:46</li>
</ul>

<p><strong>Mixed Senior</strong></p>
<p>No results</p>
<p><strong>Mixed 40+</strong></p>
<p>No results</p>
