<table class="fac-table">
    <thead>
        <tr>
            <th>Pos</th>
            <th>Runners</th>
            <th>Time</th>
        </tr>
    </thead>
    <tbody>
        <tr>
            <td>1</td>
            <td>Cayla Duncan & Scott Kelly</td>
            <td>00:59:59</td>
        </tr>
        <tr>
            <td>2</td>
            <td>Lena K. Maclean & Isabel Ritchie</td>
            <td>01:03:00</td>
        </tr>
        <tr>
            <td>3</td>
            <td>Leo McKenzie & Henry Muir</td>
            <td>01:06:00</td>
        </tr>
        <tr>
            <td>4</td>
            <td>Neil MacDonald & Myles Christie</td>
            <td>01:10:15</td>
        </tr>
        <tr>
            <td></td>
            <td>Rhys M&uuml;llar & Paige Thompson</td>
            <td>DNF</td>
        </tr>
    </tbody>
</table>
