Pos,Runners,Time
1,Bobby Summers & Patrick Leask,00:49:35
2=,Mike Reilly & Alan Davie,00:52:04
2=,Trish Whitelaw & Adele Osborne,00:52:04
4,George Findlay & Giles Harris,00:52:26
5,Lynne Herd & Jacs McDonald,01:08:05
