Pos,No,Team,Category,Total
1,1,Team 1,WS,02:35:05
2,2,Team 2,O50,02:35:34
3,3,Team 3,OS,02:35:59
4,4,Team 4,W50,02:36:10
5,5,Team 5,OS,02:37:19
