Pos,No,Team,Category,Runners 1,Leg 1,Split 1,Runners 2,Leg 2,Split 2,Runners 3,Leg 3,Split 3,Runners 4,Leg 4,Split 4,Runners 5,Leg 5,Total
1,3,Team 3,Open Senior,JackBruce,00:44:59,00:44:59,Martin King & Leland Donaldson,00:58:49,01:43:48,Neil MacDonald & Myles  Christie,00:52:11,02:35:59,Hubert Gray,01:12:30,03:48:29,Erin Dickson,00:36:31,04:25:00
2,1,Team 1,Women Senior,John Smith,00:42:43,00:42:43,Hailey Dickson:) & Alix Crawford,00:44:17,01:27:00,Rhys Müllar & Paige Thompson,01:08:05,02:35:05,Amé MacDonald,01:12:53,03:47:58,Cassie Moore,00:42:23,04:30:21
3,2,Team 2,Open 50+,Bartosz Thomson,00:43:52,00:43:52,John Smith & Zuzanna Miller-Ford,00:59:16,01:43:08,Leo McKenzie & Henry Muir,00:52:26,02:35:34,Regan Millar,01:12:48,03:48:22,Theo Paterson,00:51:47,04:40:09
4,4,Team 4,Women 50+,Sofia O'Connor,00:45:35,00:45:35,Philip O’Donohue & Hasan Robertson,01:01:48,01:47:23,Lena K. Maclean & Isabel Ritchie,00:48:47,02:36:10,Martha Gibson,01:13:11,03:49:21,Karolina MacDonald,00:56:11,04:45:32
5,5,Team 5,Open Senior,Clark O' Connor,00:45:43,00:45:43,Nina Joan Fiona Walker & Hope Christie,01:02:01,01:47:44,Cayla Duncan & Scott Kelly,00:49:35,02:37:19,Amelia Muir,01:12:33,03:49:52,Scott Miller,01:00:08,04:50:00