Pos,Runner,Time
1,Claire Duncan,01:12:30
2,Rosie Knox,01:12:53
3,Lisa Johnstone,01:13:21
4,Eric Anderson,01:13:52