<table class="fac-table">
    <thead>
        <tr>
            <th>Pos</th>
            <th>Runner</th>
            <th>Time</th>
        </tr>
    </thead>
    <tbody>
        <tr>
            <td>1</td>
            <td>Martha Gibson</td>
            <td>00:50:40</td>
        </tr>
        <tr>
            <td>2</td>
            <td>Hubert Gray</td>
            <td>00:55:00</td>
        </tr>
        <tr>
            <td>3</td>
            <td>Amelia Muir</td>
            <td>01:09:09</td>
        </tr>
        <tr>
            <td>4</td>
            <td>Regan Millar</td>
            <td>01:11:11</td>
        </tr>
        <tr>
            <td></td>
            <td>Am&eacute; MacDonald</td>
            <td>DNF</td>
        </tr>
    </tbody>
</table>
