Converted to title case: PH, RR, RunSum, STAART, TR, 