<table class="fac-table">
    <thead>
        <tr>
            <th>Pos</th>
            <th>Runner</th>
            <th>Time</th>
        </tr>
    </thead>
    <tbody>
        <tr>
            <td>1</td>
            <td>Gregor Malcolm</td>
            <td>00:38:57</td>
        </tr>
        <tr>
            <td>2</td>
            <td>Mike Deason</td>
            <td>00:39:07</td>
        </tr>
        <tr>
            <td>3</td>
            <td>Tom Lines</td>
            <td>00:39:38</td>
        </tr>
        <tr>
            <td>4</td>
            <td>Ben Hukins</td>
            <td>00:39:43</td>
        </tr>
        <tr>
            <td>5</td>
            <td>Steve Feltbower</td>
            <td>00:40:20</td>
        </tr>
        <tr>
            <td>6</td>
            <td>Gregor Stewart</td>
            <td>00:40:43</td>
        </tr>
        <tr>
            <td>7</td>
            <td>Oleg Chepelin</td>
            <td>00:41:01</td>
        </tr>
        <tr>
            <td>8</td>
            <td>James Bowden</td>
            <td>00:41:36</td>
        </tr>
        <tr>
            <td>9</td>
            <td>Alex McVey</td>
            <td>00:41:49</td>
        </tr>
        <tr>
            <td>10</td>
            <td>David Cope</td>
            <td>00:41:54</td>
        </tr>
        <tr>
            <td>11</td>
            <td>Russell Hall</td>
            <td>00:42:17</td>
        </tr>
        <tr>
            <td>12=</td>
            <td>Gwyn Bellamy</td>
            <td>00:42:39</td>
        </tr>
        <tr>
            <td>12=</td>
            <td>Dave Godfree</td>
            <td>00:42:39</td>
        </tr>
        <tr>
            <td>14</td>
            <td>Steve Winter</td>
            <td>00:43:06</td>
        </tr>
        <tr>
            <td>15</td>
            <td>Andrew Macrae</td>
            <td>00:43:21</td>
        </tr>
        <tr>
            <td>16</td>
            <td>Mark Johnston</td>
            <td>00:43:24</td>
        </tr>
        <tr>
            <td>17</td>
            <td>Lee Strachan</td>
            <td>00:43:29</td>
        </tr>
        <tr>
            <td>18</td>
            <td>Alex Robinson</td>
            <td>00:43:46</td>
        </tr>
        <tr>
            <td>19</td>
            <td>David Jamieson</td>
            <td>00:44:39</td>
        </tr>
        <tr>
            <td>20</td>
            <td>Chris Russell</td>
            <td>00:44:55</td>
        </tr>
        <tr>
            <td>21</td>
            <td>Ryan McKenzie</td>
            <td>00:45:00</td>
        </tr>
        <tr>
            <td>22</td>
            <td>David Scott</td>
            <td>00:45:04</td>
        </tr>
        <tr>
            <td>23</td>
            <td>James Barnet</td>
            <td>00:45:08</td>
        </tr>
        <tr>
            <td>24</td>
            <td>Trevor Ricketts</td>
            <td>00:45:38</td>
        </tr>
        <tr>
            <td>25</td>
            <td>Andrew Thomas</td>
            <td>00:45:58</td>
        </tr>
        <tr>
            <td>26</td>
            <td>Paul Webb</td>
            <td>00:46:26</td>
        </tr>
        <tr>
            <td>27</td>
            <td>Andrew Goring</td>
            <td>00:46:47</td>
        </tr>
        <tr>
            <td>28</td>
            <td>Drew Tivendale</td>
            <td>00:47:07</td>
        </tr>
        <tr>
            <td>29</td>
            <td>John Wilson</td>
            <td>00:47:44</td>
        </tr>
        <tr>
            <td>30</td>
            <td>T J Pringle</td>
            <td>00:47:47</td>
        </tr>
        <tr>
            <td>31</td>
            <td>Graham Gordon</td>
            <td>00:48:04</td>
        </tr>
        <tr>
            <td>32</td>
            <td>Alison McGill</td>
            <td>00:49:00</td>
        </tr>
        <tr>
            <td>33</td>
            <td>Alistair Simpson</td>
            <td>00:49:02</td>
        </tr>
        <tr>
            <td>34</td>
            <td>Megan Mowbray</td>
            <td>00:49:09</td>
        </tr>
        <tr>
            <td>35</td>
            <td>Richard Coombs</td>
            <td>00:49:14</td>
        </tr>
        <tr>
            <td>36</td>
            <td>Lucinda Beresford</td>
            <td>00:49:50</td>
        </tr>
        <tr>
            <td>37</td>
            <td>Dave Calder</td>
            <td>00:50:24</td>
        </tr>
        <tr>
            <td>38</td>
            <td>Neil Finnie</td>
            <td>00:50:50</td>
        </tr>
        <tr>
            <td>39</td>
            <td>Neil Anderson</td>
            <td>00:51:19</td>
        </tr>
        <tr>
            <td>40</td>
            <td>David White</td>
            <td>00:51:26</td>
        </tr>
        <tr>
            <td>41</td>
            <td>Euan Durnberger</td>
            <td>00:51:30</td>
        </tr>
        <tr>
            <td>42</td>
            <td>Martin Quirke</td>
            <td>00:51:33</td>
        </tr>
        <tr>
            <td>43</td>
            <td>Anne-Sophie Ruget</td>
            <td>00:51:44</td>
        </tr>
        <tr>
            <td>44</td>
            <td>Bryony McLeod</td>
            <td>00:51:47</td>
        </tr>
        <tr>
            <td>45</td>
            <td>David Aitken</td>
            <td>00:51:48</td>
        </tr>
        <tr>
            <td>46</td>
            <td>Duncan Boyd</td>
            <td>00:51:51</td>
        </tr>
        <tr>
            <td>47</td>
            <td>Ross Perry</td>
            <td>00:51:53</td>
        </tr>
        <tr>
            <td>48</td>
            <td>Maddy Watson</td>
            <td>00:52:00</td>
        </tr>
        <tr>
            <td>49</td>
            <td>John Kay</td>
            <td>00:52:03</td>
        </tr>
        <tr>
            <td>50</td>
            <td>Libby Smith</td>
            <td>00:52:08</td>
        </tr>
        <tr>
            <td>51</td>
            <td>Eric Anderson</td>
            <td>00:52:13</td>
        </tr>
        <tr>
            <td>52</td>
            <td>Scott Blyth</td>
            <td>00:52:18</td>
        </tr>
        <tr>
            <td>53</td>
            <td>Bryan McLaren</td>
            <td>00:52:23</td>
        </tr>
        <tr>
            <td>54</td>
            <td>Iain Mennie</td>
            <td>00:52:29</td>
        </tr>
        <tr>
            <td>55</td>
            <td>Alison Sutherland</td>
            <td>00:52:37</td>
        </tr>
        <tr>
            <td>56</td>
            <td>Stuart MacDonald</td>
            <td>00:52:51</td>
        </tr>
        <tr>
            <td>57</td>
            <td>Ian Gourley</td>
            <td>00:53:04</td>
        </tr>
        <tr>
            <td>58</td>
            <td>Susie Clark</td>
            <td>00:53:19</td>
        </tr>
        <tr>
            <td>59</td>
            <td>Lisa Johnstone</td>
            <td>00:53:34</td>
        </tr>
        <tr>
            <td>60</td>
            <td>Louise Chapman</td>
            <td>00:53:40</td>
        </tr>
        <tr>
            <td>61</td>
            <td>Catherine Caldwell</td>
            <td>00:53:41</td>
        </tr>
        <tr>
            <td>62</td>
            <td>Fiona Callaghan</td>
            <td>00:54:43</td>
        </tr>
        <tr>
            <td>63</td>
            <td>David Dickson</td>
            <td>00:55:05</td>
        </tr>
        <tr>
            <td>64</td>
            <td>Mark Gorrie</td>
            <td>00:55:06</td>
        </tr>
        <tr>
            <td>65</td>
            <td>Matthew McCullogh</td>
            <td>00:55:20</td>
        </tr>
        <tr>
            <td>66</td>
            <td>Andy Harley</td>
            <td>00:55:47</td>
        </tr>
        <tr>
            <td>67</td>
            <td>Julian Hall</td>
            <td>00:55:50</td>
        </tr>
        <tr>
            <td>68</td>
            <td>Brian Stewart</td>
            <td>00:55:56</td>
        </tr>
        <tr>
            <td>69</td>
            <td>Philip Suttie</td>
            <td>00:56:17</td>
        </tr>
        <tr>
            <td>70</td>
            <td>Michael Kelleher</td>
            <td>00:56:20</td>
        </tr>
        <tr>
            <td>71</td>
            <td>Keith Ferguson</td>
            <td>00:56:24</td>
        </tr>
        <tr>
            <td>72</td>
            <td>Sarah Dunn</td>
            <td>00:56:26</td>
        </tr>
        <tr>
            <td>73</td>
            <td>Heidi Fettes</td>
            <td>00:56:52</td>
        </tr>
        <tr>
            <td>74</td>
            <td>Louise Provan</td>
            <td>00:57:15</td>
        </tr>
        <tr>
            <td>75</td>
            <td>Addie Gerrard</td>
            <td>00:57:36</td>
        </tr>
        <tr>
            <td>76</td>
            <td>Fergus Johnston</td>
            <td>00:57:43</td>
        </tr>
        <tr>
            <td>77</td>
            <td>Rob Jarvis</td>
            <td>00:57:56</td>
        </tr>
        <tr>
            <td>78</td>
            <td>Rolf Gumerman</td>
            <td>00:57:57</td>
        </tr>
        <tr>
            <td>79</td>
            <td>Sarah Massey</td>
            <td>00:58:31</td>
        </tr>
        <tr>
            <td>80</td>
            <td>Stephen Terwey</td>
            <td>00:58:57</td>
        </tr>
        <tr>
            <td>81</td>
            <td>Susan Wilson</td>
            <td>00:59:01</td>
        </tr>
        <tr>
            <td>82</td>
            <td>Lizzie Knox</td>
            <td>00:59:11</td>
        </tr>
        <tr>
            <td>83</td>
            <td>Rosie Knox</td>
            <td>00:59:12</td>
        </tr>
        <tr>
            <td>84</td>
            <td>Gordon Coull</td>
            <td>00:59:20</td>
        </tr>
        <tr>
            <td>85=</td>
            <td>Gordon Eadie</td>
            <td>00:59:56</td>
        </tr>
        <tr>
            <td>85=</td>
            <td>Peter McClelland</td>
            <td>00:59:56</td>
        </tr>
        <tr>
            <td>85=</td>
            <td>Kyran McManus</td>
            <td>00:59:56</td>
        </tr>
        <tr>
            <td>88</td>
            <td>Lee Kinnell</td>
            <td>01:00:27</td>
        </tr>
        <tr>
            <td>89</td>
            <td>Michelle Murray</td>
            <td>01:00:42</td>
        </tr>
        <tr>
            <td>90</td>
            <td>Euan Alexander</td>
            <td>01:00:43</td>
        </tr>
        <tr>
            <td>91</td>
            <td>Kenneth Crimster</td>
            <td>01:01:05</td>
        </tr>
        <tr>
            <td>92</td>
            <td>Kiass Wynne</td>
            <td>01:01:08</td>
        </tr>
        <tr>
            <td>93</td>
            <td>Backy Parry</td>
            <td>01:01:24</td>
        </tr>
        <tr>
            <td>94</td>
            <td>Hilary Spenceley</td>
            <td>01:01:35</td>
        </tr>
        <tr>
            <td>95</td>
            <td>Billy Elliott</td>
            <td>01:01:50</td>
        </tr>
        <tr>
            <td>96</td>
            <td>Megan Fileman</td>
            <td>01:02:03</td>
        </tr>
        <tr>
            <td>97</td>
            <td>Ron Milne</td>
            <td>01:02:17</td>
        </tr>
        <tr>
            <td>98</td>
            <td>Graeme Baxter</td>
            <td>01:02:22</td>
        </tr>
        <tr>
            <td>99</td>
            <td>Lizzie Martin</td>
            <td>01:03:37</td>
        </tr>
        <tr>
            <td>100</td>
            <td>Nicola Watson</td>
            <td>01:03:47</td>
        </tr>
        <tr>
            <td>101</td>
            <td>Susan Brekenridge</td>
            <td>01:03:54</td>
        </tr>
        <tr>
            <td>102</td>
            <td>Chris Wallard</td>
            <td>01:04:00</td>
        </tr>
        <tr>
            <td>103</td>
            <td>Jock Dryburgh</td>
            <td>01:04:03</td>
        </tr>
        <tr>
            <td>104</td>
            <td>Miguel Mudarra</td>
            <td>01:04:15</td>
        </tr>
        <tr>
            <td>105</td>
            <td>David Surtees</td>
            <td>01:04:18</td>
        </tr>
        <tr>
            <td>106</td>
            <td>Sue Armstrong</td>
            <td>01:04:37</td>
        </tr>
        <tr>
            <td>107</td>
            <td>Andrew Fullwood</td>
            <td>01:04:48</td>
        </tr>
        <tr>
            <td>108</td>
            <td>Robin Smith</td>
            <td>01:04:51</td>
        </tr>
        <tr>
            <td>109</td>
            <td>Kevin Baird</td>
            <td>01:05:33</td>
        </tr>
        <tr>
            <td>110</td>
            <td>Ross Irvine</td>
            <td>01:05:36</td>
        </tr>
        <tr>
            <td>111</td>
            <td>Ian Goldie</td>
            <td>01:05:43</td>
        </tr>
        <tr>
            <td>112</td>
            <td>Rachel Miller</td>
            <td>01:05:46</td>
        </tr>
        <tr>
            <td>113</td>
            <td>Caroline Srugnell</td>
            <td>01:05:48</td>
        </tr>
        <tr>
            <td>114</td>
            <td>Leanne Cooke</td>
            <td>01:05:49</td>
        </tr>
        <tr>
            <td>115</td>
            <td>Alison Caldwell</td>
            <td>01:06:15</td>
        </tr>
        <tr>
            <td>116</td>
            <td>Steve Wheatley</td>
            <td>01:06:16</td>
        </tr>
        <tr>
            <td>117</td>
            <td>Janette Clark</td>
            <td>01:06:44</td>
        </tr>
        <tr>
            <td>118</td>
            <td>Victoria Shepard</td>
            <td>01:07:23</td>
        </tr>
        <tr>
            <td>119</td>
            <td>Stewart Squire</td>
            <td>01:07:27</td>
        </tr>
        <tr>
            <td>120</td>
            <td>Edward Wade</td>
            <td>01:07:30</td>
        </tr>
        <tr>
            <td>121</td>
            <td>Samantha Spoon</td>
            <td>01:07:51</td>
        </tr>
        <tr>
            <td>122</td>
            <td>Gary Logan</td>
            <td>01:07:56</td>
        </tr>
        <tr>
            <td>123</td>
            <td>John Henderson</td>
            <td>01:08:14</td>
        </tr>
        <tr>
            <td>124</td>
            <td>Allan Gibson</td>
            <td>01:08:32</td>
        </tr>
        <tr>
            <td>125</td>
            <td>Stuart Dobson</td>
            <td>01:08:33</td>
        </tr>
        <tr>
            <td>126</td>
            <td>Gordon Kirk</td>
            <td>01:08:55</td>
        </tr>
        <tr>
            <td>127</td>
            <td>Marion McClung</td>
            <td>01:09:11</td>
        </tr>
        <tr>
            <td>128</td>
            <td>Mark Gowans</td>
            <td>01:09:12</td>
        </tr>
        <tr>
            <td>129</td>
            <td>Stephen Greer</td>
            <td>01:09:53</td>
        </tr>
        <tr>
            <td>130</td>
            <td>Jenny Morris</td>
            <td>01:10:02</td>
        </tr>
        <tr>
            <td>131</td>
            <td>Paul Strachan</td>
            <td>01:10:04</td>
        </tr>
        <tr>
            <td>132</td>
            <td>Alison Roberson</td>
            <td>01:10:10</td>
        </tr>
        <tr>
            <td>133</td>
            <td>Gordon Thomson</td>
            <td>01:10:17</td>
        </tr>
        <tr>
            <td>134</td>
            <td>Brian Howie</td>
            <td>01:10:56</td>
        </tr>
        <tr>
            <td>135</td>
            <td>Kat Hart</td>
            <td>01:10:59</td>
        </tr>
        <tr>
            <td>136</td>
            <td>Nicola Shepherd</td>
            <td>01:11:01</td>
        </tr>
        <tr>
            <td>137</td>
            <td>Jennifer Kettle</td>
            <td>01:11:12</td>
        </tr>
        <tr>
            <td>138</td>
            <td>Claire Doak</td>
            <td>01:11:21</td>
        </tr>
        <tr>
            <td>139</td>
            <td>Chris Martin</td>
            <td>01:11:29</td>
        </tr>
        <tr>
            <td>140</td>
            <td>Joanne Johnson</td>
            <td>01:11:40</td>
        </tr>
        <tr>
            <td>141</td>
            <td>Davie Hayes</td>
            <td>01:13:25</td>
        </tr>
        <tr>
            <td>142</td>
            <td>Lucy Taylor</td>
            <td>01:13:52</td>
        </tr>
        <tr>
            <td>143</td>
            <td>Ian Hossack</td>
            <td>01:14:49</td>
        </tr>
        <tr>
            <td>144</td>
            <td>Claire Duncan</td>
            <td>01:15:30</td>
        </tr>
        <tr>
            <td>145</td>
            <td>Mike Lynch</td>
            <td>01:19:08</td>
        </tr>
        <tr>
            <td>146</td>
            <td>Justine Johnstone</td>
            <td>01:20:46</td>
        </tr>
        <tr>
            <td>147</td>
            <td>Lyndsay McEwan</td>
            <td>01:30:37</td>
        </tr>
        <tr>
            <td>148</td>
            <td>Sharon Taylor</td>
            <td>01:31:37</td>
        </tr>
        <tr>
            <td>149</td>
            <td>Cyrus Goodger</td>
            <td>01:32:53</td>
        </tr>
        <tr>
            <td>150</td>
            <td>Norman Smith</td>
            <td>01:34:13</td>
        </tr>
        <tr>
            <td>151</td>
            <td>Lorna Drummond</td>
            <td>01:44:12</td>
        </tr>
        <tr>
            <td>152</td>
            <td>Ian McCubbin</td>
            <td>02:02:46</td>
        </tr>
    </tbody>
</table>
