Pos,Runner,Time
1,Bartosz Thomson,00:42:43
2,John Smith,00:42:43
3,JackBruce,00:43:30
4,Sofia O'Connor,00:45:35
5,Clark O' Connor,00:45:43
