Grand Prix Results 2016
=======================

Category: Women Senior
----------------------

1: Innes Bracegirdle (Fife AC) 6129


Category: Men Senior
--------------------

1: Brian R Smith (Fife AC) 6050


