Pos,Runner,Club,Category,St Andrews 5M,Strathkinness - Blebocraigs,Hill of Tarvit,Kirkcaldy Trail,Balmullo,Total,Completed
1,Mairi Littleson,Dundee Road Runners,FS,200,200,199,200,198,799,Y
2,David Webster,Dundee Road Runners,MS,195,198,197,200,200,795,Y
3,Rhona van Rensburg,Fife AC,F50,0,199,197,199,197,792,Y
4,Ruan van Rensburg,Fife AC,MS,198,195,198,197,197,790,Y
5,Simon Anetts,Fife AC,MS,199,0,192,199,195,785,Y
6,Adam Hart,Dundee Road Runners,MS,196,196,194,196,194,782,Y
7,Mark Bell,Dundee Road Runners,M40,193,197,191,194,193,777,Y
8,Fiona Callaghan,Dundee Road Runners,FS,193,194,187,192,196,775,Y
9,Orla Gage,Anster Haddies,FU20,194,0,194,194,192,774,Y
10,Lynne Herd,Anster Haddies,F40,191,193,186,196,193,773,Y
11,Billy Gibson,Dundee Hawkhill Harriers,M40,191,193,193,0,192,769,Y
12,Ross Young,Anster Haddies,MS,187,192,190,0,196,765,Y
13,Margaret Martin,Fife AC,F60,189,190,0,193,186,758,Y
14,Susanne Lumsden,Falkland Trail Runners,F50,190,191,185,0,191,757,Y
15,Evan Bowers,Dundee Road Runners,MS,185,0,186,192,191,754,Y
16=,David Aitken,Dundee Road Runners,M50,183,0,189,191,190,753,Y
16=,Yvonne Dehn,Anster Haddies,FS,187,187,189,0,190,753,Y
18=,Rhonda Manning,Dundee Hawkhill Harriers,F50,186,184,183,191,189,750,Y
18=,Tom Rainey,Anster Haddies,M40,182,191,182,189,188,750,Y
20,Steph Devlin,Dundee Road Runners,F40,188,186,182,190,185,749,Y
21,Debz Hay,Anster Haddies,F50,185,185,184,0,187,741,Y
22,Matthew Beaney,Dundee Road Runners,M40,181,189,184,0,186,740,Y
23,Stephen Dickson,Fife AC,M50,184,159,177,188,187,736,Y
24,Allison MacPherson,Falkland Trail Runners,F40,183,180,178,188,182,733,Y
25,Dominic Hughes,Dundee Road Runners,M40,173,181,161,184,177,715,Y
26,Tony Martin,Fife AC,M70,168,178,165,185,175,706,Y
27,Sandra Gardener,Falkland Trail Runners,F50,0,166,173,185,178,702,Y
28,John MacPherson,Fife AC,M40,169,179,164,0,178,690,Y
29,Philip Suttie,Falkland Trail Runners,M40,0,174,157,180,174,685,Y
30,Will Gage,Anster Haddies,M50,0,175,152,177,171,675,Y
31,Martin Rollo,Dundee Road Runners,M60,165,162,148,175,165,667,Y
32,John Mill,Dundee Road Runners,M60,160,165,143,174,162,661,Y
33,Ross McArthur,Falkland Trail Runners,MS,0,166,147,179,167,659,Y
34=,Lee Cessford,Falkland Trail Runners,M50,159,158,137,169,157,643,Y
34=,Keith Gelly,Dundee Road Runners,M50,161,154,136,170,158,643,Y
36,Jeff Gunnell,Unatt.,M70,158,155,0,168,155,636,Y
37,Daniel Fields,Dundee Road Runners,M40,155,156,0,167,156,634,Y
-,Eliza Konig,Fife AC,FU20,199,0,200,0,199,598,N
-,Jamie Lessels,Fife AC,MS,200,199,196,0,0,595,N
-,Tim Kinnaird,Fife AC,M40,0,188,185,0,183,556,N
-,Vince MacPherson,Fife AC,M40,0,184,176,0,184,544,N
-,Fiona Walker,Fife AC,F50,178,170,0,186,0,534,N
-,June Balgowan,Falkland Trail Runners,F50,0,172,174,0,180,526,N
-,David Place,Fife AC,M60,167,173,0,182,0,522,N
-,David Dunleavey,Stratheden,M60,0,0,156,181,173,510,N
-,Graham Rena,Dundee Road Runners,M50,170,176,158,0,0,504,N
-,Nick Wade,Anster Haddies,M50,0,171,149,0,169,489,N
-,Nick Bennett,Dundee Road Runners,MS,0,0,0,198,198,396,N
-,Heather Anderson,Fife AC,F40,0,196,198,0,0,394,N
-,Thomas Robertson,Fife AC,MU20,0,0,195,0,199,394,N
-,Alison McNeilly,Dundee Road Runners,F40,197,0,195,0,0,392,N
-,Abigail Brierley,East Fife Triathlon Club,FS,192,197,0,0,0,389,N
-,Jennifer Massie,Dundee Road Runners,F40,195,0,190,0,0,385,N
-,Merc√® Torres,Fife AC,F40,0,189,193,0,0,382,N
-,Elise Coward,Dundee Road Runners,FS,0,188,188,0,0,376,N
-,Kevin Rogers,Perth Road Runners,M50,0,187,178,0,0,365,N
-,Charles Beer,University of St Andrews Triathlon Club,MS,178,185,0,0,0,363,N
-,Bethan McRobbie,Anster Haddies,FS,0,179,0,0,183,362,N
-,Manuel Alderete,Dundee Road Runners,MS,180,0,181,0,0,361,N
-,Innes Bracegirdle,Fife AC,F60,0,181,180,0,0,361,N
-,Dave Clark,Fife AC,M40,0,186,175,0,0,361,N
-,Michael Mitchell,Dundee Road Runners,M50,0,0,0,183,172,355,N
-,Paul Harkins,Fife AC,M40,174,180,0,0,0,354,N
-,Dominic Williams,Dundee Road Runners,MS,0,183,171,0,0,354,N
-,Paul Wallace,Falkland Trail Runners,M40,0,0,0,173,159,332,N
-,Eck Anderson,Anster Haddies,M40,0,0,163,0,168,331,N
-,Alan Gardener,Falkland Trail Runners,M50,0,0,0,166,154,320,N
-,Huw Watkins,Unatt.,M40,0,167,0,0,153,320,N
-,Charles Woodhead,Perth Road Runners,M50,0,168,151,0,0,319,N
-,Neil Gray,Fife AC,MS,0,161,155,0,0,316,N
-,Peter Warland,Perth Road Runners,M60,0,170,146,0,0,316,N
-,David Baird,Dundee Road Runners,M40,0,0,145,0,164,309,N
-,Lyle Allan,Falkland Trail Runners,M60,0,163,144,0,0,307,N
-,Ernesto Bonafe,Dundee Road Runners,M40,157,0,133,0,0,290,N
-,Freya Hotson,Unatt.,FS,0,0,0,0,200,200,N
-,Logan Rees,Fife AC,MS,0,0,200,0,0,200,N
-,James Waldie,Perth Road Runners,MS,0,200,0,0,0,200,N
-,Lewis Rodgers,Fife AC,MS,0,0,199,0,0,199,N
-,Ailsa Cruickshanks,Fife AC,FS,0,198,0,0,0,198,N
-,Caroline Jones,Kinross Road Runners,F40,198,0,0,0,0,198,N
-,Mirabelle Meade,Pitreavie AAC,FU20,0,0,0,198,0,198,N
-,Maisey Meade,Pitreavie AAC,FU20,0,0,0,197,0,197,N
-,Michael Richardson,Dundee Road Runners,MS,197,0,0,0,0,197,N
-,Fiona Canavan,Dundee Road Runners,FS,196,0,0,0,0,196,N
-,Jennifer Spence,Fife AC,FS,0,0,196,0,0,196,N
-,Ben Kinninmonth,Fife AC,MS,0,0,0,195,0,195,N
-,Lizzie Knox,Carnethy Hill Running Club,FS,0,0,0,0,195,195,N
-,Suzanne Shaw,Anster Haddies,F40,0,0,0,195,0,195,N
-,Diane White,Perth Road Runners,F50,0,195,0,0,0,195,N
-,Keren Macpherson,Fife AC,F50,0,0,0,0,194,194,N
-,Scott McClung,Fife AC,MS,0,194,0,0,0,194,N
-,Barry Smith,Kinross Road Runners,MS,194,0,0,0,0,194,N
-,Glenn Barclay,Fife AC,MS,0,0,0,193,0,193,N
-,Gordon Barrie,Dundee Hawkhill Harriers,M50,192,0,0,0,0,192,N
-,Claire Douglas,Perth Road Runners,F50,0,192,0,0,0,192,N
-,Louise Lessels,Falkland Trail Runners,F40,0,0,192,0,0,192,N
-,Fabienne Thompson,Lomond Hill Runners,F50,0,0,191,0,0,191,N
-,Tristan Glasse-Davies,Unatt.,MS,0,190,0,0,0,190,N
-,Angus Gray,Kinross Road Runners,MS,190,0,0,0,0,190,N
-,Kevin Wallace,Fife AC,M40,0,0,0,190,0,190,N
-,Jamie Anderson,Anster Haddies,MS,0,0,0,0,189,189,N
-,Fergus Ingledew,?,MS,189,0,0,0,0,189,N
-,Kirsty Letham,Kirkcaldy Wizards,FS,0,0,0,189,0,189,N
-,Elliot Collins,Perth Road Runners,MS,0,0,188,0,0,188,N
-,Matt Newton,Kinross Road Runners,M50,188,0,0,0,0,188,N
-,Megan Robertson,Unatt.,FS,0,0,0,0,188,188,N
-,Robert Greig,Carnethy,MS,0,0,187,0,0,187,N
-,Ewan McAdam,Fife AC,MU20,0,0,0,187,0,187,N
-,Janet McWhinnie,Unatt.,F50,0,0,0,187,0,187,N
-,Alex Reily,Kinross Road Runners,MS,186,0,0,0,0,186,N
-,Gary Shaw,Anster Haddies,M50,0,0,0,186,0,186,N
-,Keith Crane,Fife AC,M40,0,0,0,0,185,185,N
-,Wendy Grieve,Kinross Road Runners,F60,184,0,0,0,0,184,N
-,Louise Provan,Fife AC,F40,0,0,0,0,184,184,N
-,Suzanne Robertson,Unatt.,F40,0,183,0,0,0,183,N
-,Peter Will,Perth Road Runners,M50,0,0,183,0,0,183,N
-,Valerie Findlay,Kinross Road Runners,F60,182,0,0,0,0,182,N
-,Ann Reed,Perth Road Runners,F70,0,182,0,0,0,182,N
-,Phil Rowe,Falkland Trail Runners,M40,0,0,0,0,182,182,N
-,Jonny Seeley,East Fife Triathlon Club,M40,0,182,0,0,0,182,N
-,Christina Atkinson,Kinross Road Runners,F40,181,0,0,0,0,181,N
-,Romain Borgeal,Dundee Hawkhill Harriers,MS,0,0,0,0,181,181,N
-,Brezo Mateos,Unatt.,FS,0,0,181,0,0,181,N
-,Gwyneth Thom,Falkland Trail Runners,F50,0,0,0,0,181,181,N
-,Stuart Buckett,Fife AC,M50,0,0,0,0,180,180,N
-,Melissa Reid,Wormit Runners,F50,180,0,0,0,0,180,N
-,Logan Reilly,Anster Haddies,MU20,0,0,180,0,0,180,N
-,Liz Killean,Fife AC,F50,0,0,0,0,179,179,N
-,Ann Malcolm,Kinross Road Runners,F60,179,0,0,0,0,179,N
-,Fiona Manson,Perth Road Runners,F50,0,0,179,0,0,179,N
-,Fergus Russell,Unatt.,MS,0,0,0,0,179,179,N
-,Jamie Stewart,Dundee Road Runners,M40,0,0,179,0,0,179,N
-,Andrew Weir,Dundee Road Runners,MS,179,0,0,0,0,179,N
-,Maria Dale,Perth Road Runners,F60,0,178,0,0,0,178,N
-,Chris Neilson,Dundee Road Runners,M50,0,0,0,178,0,178,N
-,Jude Alcock,Falkland Trail Runners,F70,0,0,0,0,177,177,N
-,Mark Allan,Glenrothes Triathlon Club,MS,177,0,0,0,0,177,N
-,Lynn Beveridge,Kinross Road Runners,F50,177,0,0,0,0,177,N
-,Caroline Hogarth,Perth Road Runners,F50,0,177,0,0,0,177,N
-,Mike Murdoch,Falkland Trail Runners,M40,0,177,0,0,0,177,N
-,Amy Tavendale,Dundee Road Runners,F40,0,0,177,0,0,177,N
-,Duncan Edwards,Dundee Road Runners,M40,0,0,0,176,0,176,N
-,Hannah Lopez,Kinross Road Runners,FS,176,0,0,0,0,176,N
-,Kevin Murray,Falkland Trail Runners,M50,0,0,0,0,176,176,N
-,Willie Rennie,PH Racing,M50,176,0,0,0,0,176,N
-,Susan Smith,Dundee Road Runners,F40,0,0,176,0,0,176,N
-,Sharon Warland,Perth Road Runners,F50,0,176,0,0,0,176,N
-,Isla Craig,Kinross Road Runners,F50,175,0,0,0,0,175,N
-,Louise Johnstone,Running Sisters Tayside,F40,0,0,175,0,0,175,N
-,Raphael Magron-Lorenzo,Unatt.,MS,175,0,0,0,0,175,N
-,Laura Robertson,Falkland Trail Runners,F50,0,175,0,0,0,175,N
-,Catriona Duncan,Anster Haddies,F70,0,174,0,0,0,174,N
-,Calum Gibson,Unatt.,MU20,0,0,174,0,0,174,N
-,Russell Craig,Dundee Road Runners,M50,0,0,173,0,0,173,N
-,Ana De Miguel,Perth Road Runners,F50,0,173,0,0,0,173,N
-,Matt Buck,Dundee Road Runners,MS,172,0,0,0,0,172,N
-,Arman Buta,Unatt.,MS,0,0,0,172,0,172,N
-,Guillem Penacchio Torres,Unatt.,MU20,0,0,172,0,0,172,N
-,Grant Wooler,Perth Road Runners,M60,0,172,0,0,0,172,N
-,Eric Anderson,Anster Haddies,M50,171,0,0,0,0,171,N
-,Gillian Murdoch,Falkland Trail Runners,F40,0,171,0,0,0,171,N
-,Ian Simmons,Kirkcaldy Wizards,M50,0,0,0,171,0,171,N
-,Martin Butcher,PH Racing,M40,0,0,170,0,0,170,N
-,Duncan Edward,Dundee Road Runners,M40,0,0,0,0,170,170,N
-,Dean Abberley,Perth Road Runners,MS,0,0,169,0,0,169,N
-,Jane Gatherer,Falkland Trail Runners,F50,0,169,0,0,0,169,N
-,Gordon Lindsay,Perth Road Runners,M60,0,169,0,0,0,169,N
-,Susan Bothwell,Perth Road Runners,F60,0,168,0,0,0,168,N
-,Roger Rees,Fife AC,M50,0,0,168,0,0,168,N
-,Sally Newton,Perth Road Runners,F60,0,167,0,0,0,167,N
-,Arron Small,Dundee Road Runners,MS,0,0,167,0,0,167,N
-,Jonathan Knox,Anster Haddies,M60,0,0,0,0,166,166,N
-,John Smith,Lomond Hill Runners,M50,0,0,166,0,0,166,N
-,Tony Wallen,Kinross Road Runners,M50,166,0,0,0,0,166,N
-,Rosemary Lee,Falkland Trail Runners,F60,0,165,0,0,0,165,N
-,Simon Fox,Fife AC,M60,164,0,0,0,0,164,N
-,Richard Ward,Perth Road Runners,M50,0,164,0,0,0,164,N
-,Keith Bonthrone,Fife AC,M60,163,0,0,0,0,163,N
-,Phil McLaughlin,Falkland Trail Runners,M50,0,0,0,0,163,163,N
-,Andrew Deans,Perth Road Runners,M50,0,0,162,0,0,162,N
-,Sean Kenyon,Unatt.,M50,162,0,0,0,0,162,N
-,Andy Thom,Falkland Trail Runners,M60,0,0,0,0,161,161,N
-,Gary Cuthbert,Rtc Warriors,M50,0,0,160,0,0,160,N
-,Daniel Dutton,Dundee Road Runners,MS,0,0,0,0,160,160,N
-,Robert Hunter,East Fife Triathlon Club,M50,0,160,0,0,0,160,N
-,Clive Bowman,Perth Road Runners,M50,0,0,159,0,0,159,N
-,Alan Bothwell,Perth Road Runners,M60,0,157,0,0,0,157,N
-,Craig McAdam,Kinross Road Runners,M70,156,0,0,0,0,156,N
-,David Cowan,Fife AC,M60,0,0,154,0,0,154,N
-,Neill Mitchell,Fife AC,M50,0,0,153,0,0,153,N
-,Stewart Reid,Perth Road Runners,M40,0,153,0,0,0,153,N
-,Marten Kats,Perth Road Runners,M40,0,152,0,0,0,152,N
-,Matthew Dale,Perth Road Runners,M70,0,151,0,0,0,151,N
-,John Lee,Falkland Trail Runners,M60,0,150,0,0,0,150,N
-,Clive Roberts,Fife AC,M60,0,0,150,0,0,150,N
-,David Blair,Unatt.,MS,0,0,142,0,0,142,N
-,Will Grewar,Unatt.,MS,0,0,141,0,0,141,N
-,Chris Sturrock,Unatt.,MS,0,0,140,0,0,140,N
-,Donald Brown,Lomond Hill Runners,M50,0,0,139,0,0,139,N
-,Mike Dales,Perth Road Runners,M60,0,0,138,0,0,138,N
-,Uche Okoro,Unatt.,MS,0,0,135,0,0,135,N
-,Josh McKay,Dundee Road Runners,MS,0,0,134,0,0,134,N
-,Iain Luke,Dundee Road Runners,M70,0,0,132,0,0,132,N
