<h4>Prizes</h4>
<p><strong>Women Open</strong></p>
<ul>
    <li>1 Mairi Littleson (Dundee Road Runners) 799</li>
    <li>2 Rhona van Rensburg (Fife AC) 792</li>
    <li>3 Fiona Callaghan (Dundee Road Runners) 775</li>
</ul>

<p><strong>Men Open</strong></p>
<ul>
    <li>1 David Webster (Dundee Road Runners) 795</li>
    <li>2 Ruan van Rensburg (Fife AC) 790</li>
    <li>3 Simon Anetts (Fife AC) 785</li>
</ul>

<p><strong>Women Senior</strong></p>
<ul>
    <li>1 Yvonne Dehn (Anster Haddies) 753</li>
</ul>

<p><strong>Men Senior</strong></p>
<ul>
    <li>1 Adam Hart (Dundee Road Runners) 782</li>
    <li>2 Ross Young (Anster Haddies) 765</li>
    <li>3 Evan Bowers (Dundee Road Runners) 754</li>
</ul>

<p><strong>Women Junior</strong></p>
<ul>
    <li>1 Orla Gage (Anster Haddies) 774</li>
</ul>

<p><strong>Men Junior</strong></p>
<p>No results</p>
<p><strong>Women 40-49</strong></p>
<ul>
    <li>1 Lynne Herd (Anster Haddies) 773</li>
    <li>2 Steph Devlin (Dundee Road Runners) 749</li>
    <li>3 Allison MacPherson (Falkland Trail Runners) 733</li>
</ul>

<p><strong>Men 40-49</strong></p>
<ul>
    <li>1 Mark Bell (Dundee Road Runners) 777</li>
    <li>2 Billy Gibson (Dundee Hawkhill Harriers) 769</li>
    <li>3 Tom Rainey (Anster Haddies) 750</li>
</ul>

<p><strong>Women 50-59</strong></p>
<ul>
    <li>1 Susanne Lumsden (Falkland Trail Runners) 757</li>
    <li>2 Rhonda Manning (Dundee Hawkhill Harriers) 750</li>
    <li>3 Debz Hay (Anster Haddies) 741</li>
</ul>

<p><strong>Men 50-59</strong></p>
<ul>
    <li>1 David Aitken (Dundee Road Runners) 753</li>
    <li>2 Stephen Dickson (Fife AC) 736</li>
    <li>3 Will Gage (Anster Haddies) 675</li>
</ul>

<p><strong>Women 60-69</strong></p>
<ul>
    <li>1 Margaret Martin (Fife AC) 758</li>
</ul>

<p><strong>Men 60-69</strong></p>
<ul>
    <li>1 Martin Rollo (Dundee Road Runners) 667</li>
    <li>2 John Mill (Dundee Road Runners) 661</li>
</ul>

<p><strong>Women 70-79</strong></p>
<p>No results</p>
<p><strong>Men 70-79</strong></p>
<ul>
    <li>1 Tony Martin (Fife AC) 706</li>
    <li>2 Jeff Gunnell (Unatt.) 636</li>
</ul>

